org.nuxeo:nuxeo-platform-lang-ext:5.9.4:jar::
org.nuxeo.ecm.core:nuxeo-opencmis-bindings:5.9.4:jar::
org.nuxeo.ecm.core:nuxeo-opencmis-impl:5.9.4:jar::
org.nuxeo.ecm.core:nuxeo-opencmis-tests:5.9.4:jar::test
org.nuxeo.ecm.platform:nuxeo-correspondence-marianne-api:5.9.4:jar::
org.nuxeo.ecm.platform:nuxeo-correspondence-marianne-core:5.9.4:jar::
org.nuxeo.ecm.platform:nuxeo-platform-login-cas2:5.9.4:jar::
org.nuxeo.ecm.platform:nuxeo-platform-login-cleartrust:5.9.4:jar::
org.nuxeo.ecm.platform:nuxeo-platform-login-deputy:5.9.4:jar::
org.nuxeo.ecm.platform:nuxeo-platform-login-digest:5.9.4:jar::
org.nuxeo.ecm.platform:nuxeo-platform-login-mod_sso:5.9.4:jar::
org.nuxeo.ecm.platform:nuxeo-platform-login-ntlm:5.9.4:jar::
org.nuxeo.ecm.platform:nuxeo-platform-login-portal-sso:5.9.4:jar::
org.nuxeo.ecm.platform:nuxeo-platform-login-shibboleth:5.9.4:jar::
org.nuxeo.ecm.platform:nuxeo-platform-login-token:5.9.4:jar::
org.nuxeo.ecm.platform:nuxeo-platform-login-kerberos:5.9.4:jar::
org.nuxeo.ecm.platform:nuxeo-platform-faceted-search-api:5.9.4:jar::
org.nuxeo.ecm.platform:nuxeo-platform-faceted-search-dm:5.9.4:jar::
org.nuxeo.ecm.platform:nuxeo-platform-faceted-search-jsf:5.9.4:jar::
org.nuxeo.shell:nuxeo-shell:5.9.4:pom::
org.nuxeo.shell:nuxeo-shell:5.9.4:jar::
org.nuxeo.shell:nuxeo-shell-automation:5.9.4:jar::
org.nuxeo.shell:nuxeo-shell-core:5.9.4:jar::
org.nuxeo.shell:nuxeo-shell-equinox:5.9.4:jar::
org.nuxeo.ecm.opensocial:nuxeo-gwt-richtexteditor:5.9.4:jar::
org.nuxeo.ecm.opensocial:nuxeo-opensocial-container:5.9.4:jar::
org.nuxeo.ecm.opensocial:nuxeo-opensocial-container-webapp:5.9.4:jar::
org.nuxeo.ecm.opensocial:nuxeo-opensocial-features:5.9.4:jar::
org.nuxeo.ecm.opensocial:nuxeo-opensocial-gadgets:5.9.4:jar::
org.nuxeo.ecm.opensocial:nuxeo-opensocial-gadgets-core:5.9.4:jar::
org.nuxeo.ecm.opensocial:nuxeo-opensocial-server:5.9.4:jar::
org.nuxeo.ecm.opensocial:nuxeo-opensocial-spaces:5.9.4:jar::
org.nuxeo.ecm.opensocial:nuxeo-webengine-gadgets:5.9.4:jar::
org.nuxeo.ecm.platform:nuxeo-platform-user-registration-core:5.9.4:jar::
org.nuxeo.ecm.platform:nuxeo-platform-user-registration-web:5.9.4:jar::
org.nuxeo.ecm.platform:nuxeo-user-center:5.9.4:jar::
org.nuxeo.ecm.platform:nuxeo-user-dashboard:5.9.4:jar::
org.nuxeo.ecm.platform:nuxeo-user-dashboard-jsf:5.9.4:jar::
org.nuxeo.ecm.platform:nuxeo-user-dashboard-opensocial:5.9.4:jar::
org.nuxeo.ecm.platform:nuxeo-user-notification:5.9.4:jar::
org.nuxeo.ecm.platform:nuxeo-user-oauth:5.9.4:jar::
org.nuxeo.ecm.platform:nuxeo-user-profile:5.9.4:jar::
org.nuxeo.lib.wss:nuxeo-wss-front:5.9.4:jar::
org.nuxeo.ecm.platform:nuxeo-wss:5.9.4:jar::
org.nuxeo.ecm.platform:nuxeo-webdav:5.9.4:jar::
org.nuxeo.ecm.platform:nuxeo-classification-api:5.9.4:jar::
org.nuxeo.ecm.platform:nuxeo-classification-core:5.9.4:jar::
org.nuxeo.ecm.platform:nuxeo-classification-web:5.9.4:jar::
org.nuxeo.ecm.platform:nuxeo-importer-core:5.9.4:jar::
org.nuxeo.ecm.platform:nuxeo-importer-jaxrs:5.9.4:jar::
org.nuxeo.ecm.platform:nuxeo-importer-scan:5.9.4:jar::
org.nuxeo.ecm.routing:nuxeo-routing-api:5.9.4:jar::
org.nuxeo.ecm.routing:nuxeo-routing-core:5.9.4:jar::
org.nuxeo.ecm.routing:nuxeo-routing-web:5.9.4:jar::
org.nuxeo.ecm.routing:nuxeo-routing-dm:5.9.4:jar::
org.nuxeo.ecm.routing:nuxeo-routing-dashboard:5.9.4:jar::
org.nuxeo.ecm.routing:nuxeo-routing-default:5.9.4:jar::
org.nuxeo.ecm.routing:nuxeo-routing-test:5.9.4:jar::
org.nuxeo.ecm.platform:nuxeo-platform-smart-query-api:5.9.4:jar::
org.nuxeo.ecm.platform:nuxeo-platform-smart-query-jsf:5.9.4:jar::
org.nuxeo.ecm.platform:nuxeo-platform-smart-folder-core:5.9.4:jar::
org.nuxeo.ecm.platform:nuxeo-platform-smart-folder-jsf:5.9.4:jar::
org.nuxeo.ecm.platform:nuxeo-platform-audio-core:5.9.4:jar::
org.nuxeo.ecm.platform:nuxeo-platform-audio-jsf:5.9.4:jar::
org.nuxeo.ecm.platform:nuxeo-platform-video-api:5.9.4:jar::
org.nuxeo.ecm.platform:nuxeo-platform-video-core:5.9.4:jar::
org.nuxeo.ecm.platform:nuxeo-platform-video-convert:5.9.4:jar::
org.nuxeo.ecm.platform:nuxeo-platform-video-jsf:5.9.4:jar::
org.nuxeo.ecm.platform:nuxeo-platform-categorization-service:5.9.4:jar::
org.nuxeo.ecm.platform:nuxeo-platform-categorization-language:5.9.4:jar::
org.nuxeo.ecm.platform:nuxeo-platform-categorization-coverage:5.9.4:jar::
org.nuxeo.ecm.platform:nuxeo-platform-categorization-subjects:5.9.4:jar::
org.nuxeo.ecm.platform:nuxeo-platform-rendition-api:5.9.4:jar::
org.nuxeo.ecm.platform:nuxeo-platform-rendition-web:5.9.4:jar::
org.nuxeo.ecm.platform:nuxeo-platform-rendition-core:5.9.4:jar::
org.nuxeo.ecm.platform:nuxeo-platform-rendition-publisher:5.9.4:jar::
org.nuxeo.ecm.platform:nuxeo-apidoc-core:5.9.4:jar::
org.nuxeo.ecm.platform:nuxeo-apidoc-webengine:5.9.4:jar::
org.nuxeo.activity:nuxeo-activity:5.9.4:jar::
org.nuxeo.ecm.social:nuxeo-social-workspace-core:5.9.4:jar::
org.nuxeo.ecm.social:nuxeo-social-workspace-web:5.9.4:jar::
org.nuxeo.ecm.social:nuxeo-social-workspace-gadgets:5.9.4:jar::
org.nuxeo.ecm.social:nuxeo-social-workspace-gadgets-library:5.9.4:jar::
org.nuxeo.ecm.social:nuxeo-relationship:5.9.4:jar::
org.nuxeo.ecm.social:nuxeo-user-relationship:5.9.4:jar::
org.nuxeo.ecm.social:nuxeo-mini-message:5.9.4:jar::
org.nuxeo.ecm.social:nuxeo-user-activity-stream:5.9.4:jar::
org.nuxeo.ecm.social:nuxeo-wall:5.9.4:jar::
org.nuxeo.ecm.platform:nuxeo-birt-reporting:5.9.4:jar::
org.nuxeo.ecm.platform:nuxeo-birt-reporting-web:5.9.4:jar::
org.nuxeo.ecm.platform:nuxeo-platform-suggestbox-core:5.9.4:jar::
org.nuxeo.ecm.platform:nuxeo-platform-suggestbox-jsf:5.9.4:jar::
org.nuxeo.rss.reader:nuxeo-rss-reader:5.9.4:jar::
org.nuxeo.rss.reader:nuxeo-rss-reader-ui:5.9.4:jar::
org.nuxeo.dam:nuxeo-dam-jsf:5.9.4:jar::
org.nuxeo.dam:nuxeo-dam-theme:5.9.4:jar::
org.nuxeo.ecm.platform:nuxeo-poll-core:5.9.4:jar::
org.nuxeo.ecm.platform:nuxeo-poll-gadget:5.9.4:jar::
org.nuxeo.ecm.platform:nuxeo-poll-web:5.9.4:jar::
org.nuxeo.ecm.platform:nuxeo-flavors-unicolor:5.9.4:jar::
org.nuxeo.ecm.platform:nuxeo-quota-core:5.9.4:jar::
org.nuxeo.ecm.platform:nuxeo-quota-web:5.9.4:jar::
org.nuxeo.ecm.mobile:nuxeo-application-definition:5.9.4:jar::
org.nuxeo.ecm.mobile:nuxeo-web-mobile-dm:5.9.4:jar::
org.nuxeo.ecm.mobile:nuxeo-web-mobile-sc:5.9.4:jar::
org.nuxeo.ecm.platform:nuxeo-platform-indexing-gateway:5.9.4:jar::
org.nuxeo.ecm.platform:nuxeo-exalead-connector:5.9.4:jar::
org.nuxeo.ecm.platform:nuxeo-platform-signature-api:5.9.4:jar::
org.nuxeo.ecm.platform:nuxeo-platform-signature-core:5.9.4:jar::
org.nuxeo.ecm.platform:nuxeo-platform-signature-web:5.9.4:jar::
org.nuxeo.ecm.platform:nuxeo-platform-signature-config:5.9.4:jar::
org.nuxeo.rating:nuxeo-rating-api:5.9.4:jar::
org.nuxeo.rating:nuxeo-rating-core:5.9.4:jar::
org.nuxeo.rating:nuxeo-rating-gadget:5.9.4:jar::
org.nuxeo.rating:nuxeo-rating-web:5.9.4:jar::
org.nuxeo.ecm.platform:nuxeo-agenda:5.9.4:jar::
org.nuxeo.multi.tenant:nuxeo-multi-tenant:5.9.4:jar::
org.nuxeo.ecm.core:nuxeo-core-binarymanager-s3:5.9.4:jar::
org.nuxeo.ecm:nuxeo-diff-core:5.9.4:jar::
org.nuxeo.ecm:nuxeo-diff-jsf:5.9.4:jar::
org.nuxeo.ecm:nuxeo-diff-content:5.9.4:jar::
org.nuxeo.ecm:nuxeo-diff-test:5.9.4:jar::
org.nuxeo.sample:nuxeo-sample-project:5.9.4:jar::
org.nuxeo.template.rendering:nuxeo-template-rendering-api:5.9.4:jar::
org.nuxeo.template.rendering:nuxeo-template-rendering-core:5.9.4:jar::
org.nuxeo.template.rendering:nuxeo-template-rendering-xdocreport:5.9.4:jar::
org.nuxeo.template.rendering:nuxeo-template-rendering-jxls:5.9.4:jar::
org.nuxeo.template.rendering:nuxeo-template-rendering-jaxrs:5.9.4:jar::
org.nuxeo.template.rendering:nuxeo-template-rendering-web:5.9.4:jar::
org.nuxeo.template.rendering:nuxeo-template-rendering-samples:5.9.4:jar::
org.nuxeo.template.rendering:nuxeo-template-rendering-deckjs:5.9.4:jar::
org.nuxeo.csv:nuxeo-csv:5.9.4:jar::
org.nuxeo.features:nuxeo-tree-snapshot:5.9.4:jar::
org.nuxeo.ecm.platform:nuxeo-groups-rights-audit:5.9.4:jar::
org.nuxeo.ecm:nuxeo-drive-core:5.9.4:jar::
org.nuxeo.ecm:nuxeo-drive-jsf:5.9.4:jar::
org.nuxeo.ecm:nuxeo-drive-operations:5.9.4:jar::
org.nuxeo.dam:nuxeo-dam-pdf-export:5.9.4:jar::
org.nuxeo.ecm.platform.resources:nuxeo-resources-compat:5.9.4:jar::
org.nuxeo:nuxeo-dmk-adaptor:5.9.4:jar::
org.nuxeo.ecm.webengine:nuxeo-webengine-blogs:5.9.4:jar::
org.nuxeo.ecm.webengine:nuxeo-webengine-blogs-api:5.9.4:jar::
org.nuxeo.ecm.webengine:nuxeo-webengine-blogs-core:5.9.4:jar::
org.nuxeo.ecm.webengine:nuxeo-webengine-sites:5.9.4:jar::
org.nuxeo.ecm.webengine:nuxeo-webengine-sites-api:5.9.4:jar::
org.nuxeo.ecm.webengine:nuxeo-webengine-sites-core-contrib:5.9.4:jar::
org.nuxeo.ecm.platform:nuxeo-rest-api-io:5.9.4:jar::
org.nuxeo.ecm.platform:nuxeo-rest-api-server:5.9.4:jar::
org.nuxeo.ecm.platform:nuxeo-rest-api-test:5.9.4:jar::
org.nuxeo.style:nuxeo-style-guide:5.9.4:jar::
org.nuxeo.ecm.platform:nuxeo-imaging-recompute:5.9.4:jar::
org.nuxeo.runtime:nuxeo-javaagent-main:5.9.4:jar::
org.nuxeo.runtime:nuxeo-javaagent-bridge:5.9.4:jar::
org.nuxeo.runtime:nuxeo-session-inspector:5.9.4:jar::
org.nuxeo.box.api:nuxeo-box-api:5.9.4:jar::
org.nuxeo.ecm:nuxeo-easyshare:5.9.4:jar::
org.nuxeo.common:nuxeo-common:5.9.4:jar::
org.nuxeo.runtime:nuxeo-launcher-commons:5.9.4:jar::
org.nuxeo.runtime:nuxeo-runtime:5.9.4:jar::
org.nuxeo.runtime:nuxeo-runtime-datasource:5.9.4:jar::
org.nuxeo.runtime:nuxeo-runtime-deploy:5.9.4:jar::
org.nuxeo.runtime:nuxeo-runtime-jetty-adapter:5.9.4:jar::
org.nuxeo.runtime:nuxeo-runtime-jtajca:5.9.4:jar::
org.nuxeo.lib.runtime:nuxeo-runtime-launcher:5.9.4:jar::
org.nuxeo.runtime:nuxeo-connect-standalone:5.9.4:jar::
org.nuxeo.runtime:nuxeo-connect-standalone:5.9.4:jar:tests:test
org.nuxeo.runtime:nuxeo-runtime-metrics:5.9.4:jar::
org.nuxeo.runtime:nuxeo-runtime-management:5.9.4:jar::
org.nuxeo.runtime:nuxeo-runtime-osgi:5.9.4:jar::
org.nuxeo.runtime:nuxeo-runtime-reload:5.9.4:jar::
org.nuxeo.runtime:nuxeo-runtime-scripting:5.9.4:jar::
org.nuxeo.runtime:nuxeo-runtime-test:5.9.4:jar::test
org.nuxeo.lib.runtime:nuxeo-runtime-tomcat-adapter:5.9.4:jar::
org.nuxeo.ecm.core:nuxeo-core:5.9.4:jar::
org.nuxeo.ecm.core:nuxeo-core-api:5.9.4:jar::
org.nuxeo.ecm.core:nuxeo-core-convert:5.9.4:jar::
org.nuxeo.ecm.core:nuxeo-core-convert-api:5.9.4:jar::
org.nuxeo.ecm.core:nuxeo-core-convert-plugins:5.9.4:jar::
org.nuxeo.ecm.core:nuxeo-core-event:5.9.4:jar::
org.nuxeo.ecm.core:nuxeo-core-event-jms:5.9.4:jar::
org.nuxeo.ecm.core:nuxeo-core-io:5.9.4:jar::
org.nuxeo.ecm.core:nuxeo-core-management:5.9.4:jar::
org.nuxeo.ecm.core:nuxeo-core-management-jtajca:5.9.4:jar::
org.nuxeo.ecm.core:nuxeo-core-management-test:5.9.4:jar::test
org.nuxeo.ecm.core:nuxeo-core-persistence:5.9.4:jar::
org.nuxeo.ecm.core:nuxeo-core-query:5.9.4:jar::
org.nuxeo.ecm.core:nuxeo-core-schema:5.9.4:jar::
org.nuxeo.ecm.core:nuxeo-core-storage:5.9.4:jar::
org.nuxeo.ecm.core:nuxeo-core-storage-sql:5.9.4:jar::
org.nuxeo.lib.core:nuxeo-core-storage-sql-extensions:5.9.4:jar::
org.nuxeo.ecm.core:nuxeo-core-storage-sql-management:5.9.4:jar::
org.nuxeo.ecm.core:nuxeo-core-storage-sql-ra:5.9.4:jar::
org.nuxeo.ecm.core:nuxeo-core-storage-sql-test:5.9.4:jar::test
org.nuxeo.ecm.core:nuxeo-core-test:5.9.4:jar::test
org.nuxeo.ecm.platform:nuxeo-platform:5.9.4:jar::
org.nuxeo.ecm.platform:nuxeo-platform-actions-core:5.9.4:jar::
org.nuxeo.ecm.platform:nuxeo-platform-api:5.9.4:jar::
org.nuxeo.ecm.platform:nuxeo-platform-api-test:5.9.4:jar::test
org.nuxeo.ecm.platform:nuxeo-platform-commandline-executor:5.9.4:jar::
org.nuxeo.ecm.platform:nuxeo-platform-content-template-manager:5.9.4:jar::
org.nuxeo.ecm.platform:nuxeo-platform-convert:5.9.4:jar::
org.nuxeo.ecm.platform:nuxeo-platform-directory-api:5.9.4:jar::
org.nuxeo.ecm.platform:nuxeo-platform-directory-core:5.9.4:jar::
org.nuxeo.ecm.platform:nuxeo-platform-directory-ldap:5.9.4:jar::
org.nuxeo.ecm.platform:nuxeo-platform-directory-sql:5.9.4:jar::
org.nuxeo.ecm.platform:nuxeo-platform-directory-multi:5.9.4:jar::
org.nuxeo.ecm.platform:nuxeo-platform-directory-types-contrib:5.9.4:jar::
org.nuxeo.ecm.platform:nuxeo-platform-dublincore:5.9.4:jar::
org.nuxeo.ecm.platform:nuxeo-platform-el:5.9.4:jar::
org.nuxeo.ecm.platform:nuxeo-platform-filemanager-api:5.9.4:jar::
org.nuxeo.ecm.platform:nuxeo-platform-filemanager-core:5.9.4:jar::
org.nuxeo.ecm.platform:nuxeo-platform-filemanager-core-listener:5.9.4:jar::
org.nuxeo.ecm.platform:nuxeo-platform-forms-layout-api:5.9.4:jar::
org.nuxeo.ecm.platform:nuxeo-platform-forms-layout-core:5.9.4:jar::
org.nuxeo.ecm.platform:nuxeo-platform-htmlsanitizer:5.9.4:jar::
org.nuxeo.ecm.platform:nuxeo-platform-login:5.9.4:jar::
org.nuxeo.ecm.platform:nuxeo-platform-login-default:5.9.4:jar::
org.nuxeo.ecm.platform:nuxeo-platform-management:5.9.4:jar::
org.nuxeo.ecm.platform:nuxeo-platform-mimetype-api:5.9.4:jar::
org.nuxeo.ecm.platform:nuxeo-platform-mimetype-core:5.9.4:jar::
org.nuxeo.ecm.platform:nuxeo-platform-oauth:5.9.4:jar::
org.nuxeo.ecm.platform:nuxeo-platform-placeful-api:5.9.4:jar::
org.nuxeo.ecm.platform:nuxeo-platform-placeful-core:5.9.4:jar::
org.nuxeo.ecm.platform:nuxeo-platform-query-api:5.9.4:jar::
org.nuxeo.ecm.platform:nuxeo-platform-rendering:5.9.4:jar::
org.nuxeo.ecm.platform:nuxeo-platform-search-api:5.9.4:jar::
org.nuxeo.ecm.platform:nuxeo-platform-test:5.9.4:jar::test
org.nuxeo.ecm.platform:nuxeo-platform-types-api:5.9.4:jar::
org.nuxeo.ecm.platform:nuxeo-platform-types-core:5.9.4:jar::
org.nuxeo.ecm.platform:nuxeo-platform-uidgen-core:5.9.4:jar::
org.nuxeo.ecm.platform:nuxeo-platform-url-api:5.9.4:jar::
org.nuxeo.ecm.platform:nuxeo-platform-url-core:5.9.4:jar::
org.nuxeo.ecm.platform:nuxeo-platform-usermanager-api:5.9.4:jar::
org.nuxeo.ecm.platform:nuxeo-platform-usermanager-core:5.9.4:jar::
org.nuxeo.ecm.platform:nuxeo-platform-versioning-api:5.9.4:jar::
org.nuxeo.ecm.platform:nuxeo-platform-versioning-core:5.9.4:jar::
org.nuxeo.ecm.platform:nuxeo-platform-web-common:5.9.4:jar::
org.nuxeo.ecm.platform:nuxeo-platform-ws:5.9.4:jar::
org.nuxeo.ecm.platform:nuxeo-platform-ws-jbossws:5.9.4:jar::
org.nuxeo.ecm.platform:nuxeo-platform-ws-sun-jaxws:5.9.4:jar::
org.nuxeo.ecm.platform:nuxeo-invite:5.9.4:jar::
org.nuxeo.theme:nuxeo-theme-core:5.9.4:jar::
org.nuxeo.theme:nuxeo-theme-fragments:5.9.4:jar::
org.nuxeo.theme:nuxeo-theme-html:5.9.4:jar::
org.nuxeo.theme:nuxeo-theme-styling:5.9.4:jar::
org.nuxeo.ecm.platform:nuxeo-platform-contentview-jsf:5.9.4:jar::
org.nuxeo.ecm.platform:nuxeo-platform-actions-jsf:5.9.4:jar::
org.nuxeo.ecm.platform:nuxeo-platform-forms-layout-client:5.9.4:jar::
org.nuxeo.ecm.platform:nuxeo-platform-forms-layout-io:5.9.4:jar::
org.nuxeo.ecm.platform:nuxeo-platform-seam-debug:5.9.4:jar::
org.nuxeo.ecm.platform:nuxeo-platform-ui-api:5.9.4:jar::
org.nuxeo.ecm.platform:nuxeo-platform-ui-web:5.9.4:jar::
org.nuxeo.ecm.platform:nuxeo-platform-ui-web-compat:5.9.4:jar::
org.nuxeo.ecm.platform:nuxeo-platform-ui-select2:5.9.4:jar::
org.nuxeo.ecm.platform:nuxeo-platform-ui-web-test:5.9.4:jar::test
org.nuxeo.ecm.platform:nuxeo-platform-webapp-base:5.9.4:jar::
org.nuxeo.ecm.platform:nuxeo-theme-jsf:5.9.4:jar::
org.nuxeo.ecm.platform:nuxeo-platform-default-config:5.9.4:jar::
org.nuxeo.ecm.platform:nuxeo-platform-webapp:5.9.4:jar::
org.nuxeo.ecm.platform:nuxeo-platform-webapp-core:5.9.4:jar::
org.nuxeo.ecm.platform:nuxeo-platform-webapp-types:5.9.4:jar::
org.nuxeo.ecm.webengine:nuxeo-theme-webengine:5.9.4:jar::
org.nuxeo.ecm.webengine:nuxeo-webengine-core:5.9.4:jar::
org.nuxeo.ecm.webengine:nuxeo-webengine-gwt:5.9.4:jar::
org.nuxeo.ecm.webengine:nuxeo-webengine-jaxrs:5.9.4:jar::
org.nuxeo.ecm.webengine:nuxeo-webengine-ui:5.9.4:jar::
org.nuxeo.ecm.webengine:nuxeo-webengine-invite:5.9.4:jar::
org.nuxeo.ecm.platform:nuxeo-admin-center:5.9.4:jar::
org.nuxeo.ecm.platform:nuxeo-admin-center-monitoring:5.9.4:jar::
org.nuxeo.ecm.platform:nuxeo-admin-center-oauth-opensocial:5.9.4:jar::
org.nuxeo.ecm.platform:nuxeo-connect-client-wrapper:5.9.4:jar::
org.nuxeo.ecm.platform:nuxeo-connect-update:5.9.4:jar::
org.nuxeo.ecm.automation:nuxeo-automation-client:5.9.4:jar::
org.nuxeo.ecm.automation:nuxeo-automation-core:5.9.4:jar::
org.nuxeo.ecm.automation:nuxeo-automation-features:5.9.4:jar::
org.nuxeo.ecm.automation:nuxeo-automation-jsf:5.9.4:jar::
org.nuxeo.ecm.automation:nuxeo-automation-server:5.9.4:jar::
org.nuxeo.ecm.automation:nuxeo-automation-io:5.9.4:jar::
org.nuxeo.ecm.automation:nuxeo-automation-test:5.9.4:jar::test
org.nuxeo.ecm.platform:nuxeo-features-test:5.9.4:jar::test
org.nuxeo.ecm.annot:nuxeo-annot-api:5.9.4:jar::
org.nuxeo.ecm.annot:nuxeo-annot-core:5.9.4:jar::
org.nuxeo.ecm.annot:nuxeo-annot-contrib:5.9.4:jar::
org.nuxeo.ecm.annot:nuxeo-annot-http:5.9.4:jar::
org.nuxeo.ecm.annot:nuxeo-annot-repo:5.9.4:jar::
org.nuxeo.ecm.annot:nuxeo-annot-gwt:5.9.4:jar::
org.nuxeo.ecm.platform:nuxeo-platform-audit-api:5.9.4:jar::
org.nuxeo.ecm.platform:nuxeo-platform-audit-client:5.9.4:jar::
org.nuxeo.ecm.platform:nuxeo-platform-audit-core:5.9.4:jar::
org.nuxeo.ecm.platform:nuxeo-platform-audit-core:5.9.4:jar:tests:test
org.nuxeo.ecm.platform:nuxeo-platform-audit-io:5.9.4:jar::
org.nuxeo.ecm.platform:nuxeo-platform-audit-ws:5.9.4:jar::
org.nuxeo.ecm.platform:nuxeo-platform-comment:5.9.4:jar::
org.nuxeo.ecm.platform:nuxeo-platform-comment-api:5.9.4:jar::
org.nuxeo.ecm.platform:nuxeo-platform-comment-core:5.9.4:jar::
org.nuxeo.ecm.platform:nuxeo-platform-comment-web:5.9.4:jar::
org.nuxeo.ecm.platform:nuxeo-platform-comment-workflow:5.9.4:jar::
org.nuxeo.ecm.platform:nuxeo-platform-directory-web:5.9.4:jar::
org.nuxeo.ecm.platform:nuxeo-platform-domsync-core:5.9.4:jar::
org.nuxeo.ecm.platform:nuxeo-platform-forms-layout-io-plugins:5.9.4:jar::
org.nuxeo.ecm.platform:nuxeo-platform-forms-layout-export:5.9.4:jar::
org.nuxeo.ecm.platform:nuxeo-platform-forum:5.9.4:jar::
org.nuxeo.ecm.platform:nuxeo-platform-forum-api:5.9.4:jar::
org.nuxeo.ecm.platform:nuxeo-platform-forum-core:5.9.4:jar::
org.nuxeo.ecm.platform:nuxeo-platform-forum-workflow:5.9.4:jar::
org.nuxeo.ecm.platform:nuxeo-platform-imaging-api:5.9.4:jar::
org.nuxeo.ecm.platform:nuxeo-platform-imaging-convert:5.9.4:jar::
org.nuxeo.ecm.platform:nuxeo-platform-imaging-core:5.9.4:jar::
org.nuxeo.ecm.platform:nuxeo-platform-imaging-dm:5.9.4:jar::
org.nuxeo.ecm.platform:nuxeo-platform-imaging-jsf:5.9.4:jar::
org.nuxeo.ecm.platform:nuxeo-platform-imaging-preview:5.9.4:jar::
org.nuxeo.ecm.platform:nuxeo-platform-imaging-tiling:5.9.4:jar::
org.nuxeo.ecm.platform:nuxeo-platform-imaging-tiling-preview:5.9.4:jar::
org.nuxeo.ecm.platform:nuxeo-thumbnail:5.9.4:jar::
org.nuxeo.ecm.platform:nuxeo-platform-io-api:5.9.4:jar::
org.nuxeo.ecm.platform:nuxeo-platform-io-client:5.9.4:jar::
org.nuxeo.ecm.platform:nuxeo-platform-io-core:5.9.4:jar::
org.nuxeo.ecm.platform:nuxeo-platform-lang:5.9.4:jar::
org.nuxeo.ecm.localconf:nuxeo-localconf-simple:5.9.4:jar::
org.nuxeo.ecm.localconf:nuxeo-localconf-web:5.9.4:jar::
org.nuxeo.ecm.platform:nuxeo-platform-mail-core:5.9.4:jar::
org.nuxeo.ecm.platform:nuxeo-platform-mail-test:5.9.4:jar::test
org.nuxeo.ecm.platform:nuxeo-platform-mail-types:5.9.4:jar::
org.nuxeo.ecm.platform:nuxeo-platform-mail-web:5.9.4:jar::
org.nuxeo.ecm.platform:nuxeo-platform-notification-api:5.9.4:jar::
org.nuxeo.ecm.platform:nuxeo-platform-notification-core:5.9.4:jar::
org.nuxeo.ecm.platform:nuxeo-platform-notification-web:5.9.4:jar::
org.nuxeo.ecm.platform:nuxeo-platform-preview:5.9.4:jar::
org.nuxeo.ecm.platform:nuxeo-platform-publisher-api:5.9.4:jar::
org.nuxeo.ecm.platform:nuxeo-platform-publisher-core:5.9.4:jar::
org.nuxeo.ecm.platform:nuxeo-platform-publisher-core-contrib:5.9.4:jar::
org.nuxeo.ecm.platform:nuxeo-platform-publisher-task:5.9.4:jar::
org.nuxeo.ecm.platform:nuxeo-platform-publisher-web:5.9.4:jar::
org.nuxeo.ecm.platform:nuxeo-platform-relations-api:5.9.4:jar::
org.nuxeo.ecm.platform:nuxeo-platform-relations-core:5.9.4:jar::
org.nuxeo.ecm.platform:nuxeo-platform-relations-core-listener:5.9.4:jar::
org.nuxeo.ecm.platform:nuxeo-platform-relations-default-config:5.9.4:jar::
org.nuxeo.ecm.platform:nuxeo-platform-relations-io:5.9.4:jar::
org.nuxeo.ecm.platform:nuxeo-platform-relations-jena-plugin:5.9.4:jar::
org.nuxeo.ecm.platform:nuxeo-platform-relations-web:5.9.4:jar::
org.nuxeo.ecm.platform:nuxeo-platform-tag-api:5.9.4:jar::
org.nuxeo.ecm.platform:nuxeo-platform-tag-core:5.9.4:jar::
org.nuxeo.ecm.platform:nuxeo-platform-tag-web:5.9.4:jar::
org.nuxeo.ecm.platform:nuxeo-platform-task-api:5.9.4:jar::
org.nuxeo.ecm.platform:nuxeo-platform-task-test:5.9.4:jar::
org.nuxeo.ecm.platform:nuxeo-platform-task-core:5.9.4:jar::
org.nuxeo.ecm.platform:nuxeo-platform-task-automation:5.9.4:jar::
org.nuxeo.ecm.platform:nuxeo-platform-task-web:5.9.4:jar::
org.nuxeo.ecm.platform:nuxeo-platform-userpreferences:5.9.4:jar::
org.nuxeo.ecm.platform:nuxeo-platform-userworkspace-api:5.9.4:jar::
org.nuxeo.ecm.platform:nuxeo-platform-userworkspace-core:5.9.4:jar::
org.nuxeo.ecm.platform:nuxeo-platform-userworkspace-types:5.9.4:jar::
org.nuxeo.ecm.platform:nuxeo-platform-userworkspace-web:5.9.4:jar::
org.nuxeo.ecm.platform:nuxeo-platform-virtualnavigation-core-contrib:5.9.4:jar::
org.nuxeo.ecm.platform:nuxeo-platform-virtualnavigation-web:5.9.4:jar::
org.nuxeo.ecm.platform:nuxeo-theme-webwidgets:5.9.4:jar::
org.nuxeo.ecm.platform:nuxeo-theme-webwidgets-samples:5.9.4:jar::
org.nuxeo.ecm.platform:nuxeo-theme-webwidgets-ui:5.9.4:jar::
org.nuxeo.ecm.platform:nuxeo-theme-bank:5.9.4:jar::
org.nuxeo.ecm.platform:nuxeo-theme-editor:5.9.4:jar::
org.nuxeo.ecm.platform:nuxeo-platform-collections-core:5.9.4:jar::
org.nuxeo.ecm.platform:nuxeo-platform-collections-jsf:5.9.4:jar::
org.nuxeo.ecm.webengine:nuxeo-webengine-admin:5.9.4:jar::
org.nuxeo.ecm.webengine:nuxeo-webengine-base:5.9.4:jar::
org.nuxeo.ecm.webengine:nuxeo-webengine-management:5.9.4:jar::
org.nuxeo.ecm.webengine:nuxeo-webengine-samples-base:5.9.4:jar::
org.nuxeo.ecm.webengine:nuxeo-webengine-samples-extended:5.9.4:jar::
org.nuxeo.elasticsearch:nuxeo-elasticsearch-core:5.9.4:jar::
org.nuxeo.elasticsearch:nuxeo-elasticsearch-web:5.9.4:jar::
org.nuxeo.build:nuxeo-distribution-tools:1.15:jar::
org.nuxeo.build:nuxeo-distribution-tools:1.15:jar:all:
org.nuxeo:nuxeo-ftest:1.7.14:zip::
org.nuxeo.connect:nuxeo-connect-client:1.4.16:jar::
org.nuxeo.connect:nuxeo-connect-client:1.4.16:jar:with-equinox:
org.nuxeo.connect:nuxeo-connect-client:1.4.16:jar:standalone:
xom:xom:1.1:jar::
javax.xml.stream:stax-api:1.0:jar::
org.jvnet.staxex:stax-ex:1.6:jar::
javax.ejb:ejb-api:3.0:jar::
javax.annotation:jsr250-api:1.0:jar::
javax.ejb:ejb:3.0-RC8:jar::
javax.faces:jsf-api:1.2_12:jar::
javax.faces:jsf-impl:1.2_12:jar::
javax.jms:jms:1.1:jar::
javax.mail:mail:1.4.5:jar::
javax.persistence:persistence-api:1.0:jar::
javax.servlet.jsp:jsp-api:2.2:jar::
javax.servlet:javax.servlet-api:3.0.1:jar::provided
javax.servlet:jstl:1.1.2:jar::
javax.transaction:jta:1.1:jar::
commons-collections:commons-collections:3.2:jar::
commons-fileupload:commons-fileupload:1.2.2:jar::
commons-io:commons-io:1.4:jar::
commons-lang:commons-lang:2.6:jar::
commons-beanutils:commons-beanutils:1.6:jar::
commons-digester:commons-digester:1.8.1:jar::
commons-el:commons-el:1.0:jar::
commons-logging:commons-logging:1.1:jar::
commons-codec:commons-codec:1.4:jar::
commons-dbcp:commons-dbcp:1.4:jar::
org.elasticsearch:elasticsearch:1.1.2:jar::
org.apache.derby:derby:10.10.1.1:jar::
org.apache.lucene:lucene-core:4.7.2:jar::
org.apache.lucene:lucene-queryparser:4.7.2:jar::
org.apache.lucene:lucene-analyzers-common:4.7.2:jar::
org.apache.lucene:lucene-suggest:4.7.2:jar::
org.apache.lucene:lucene-join:4.7.2:jar::
org.apache.lucene:lucene-spatial:4.7.2:jar::
org.apache.lucene:lucene-codecs:4.7.2:jar::
org.apache.lucene:lucene-queries:4.7.2:jar::
org.apache.lucene:lucene-memory:4.7.2:jar::
org.apache.lucene:lucene-highlighter:4.7.2:jar::
org.apache.directory.shared:shared-asn1:0.9.7:jar::
org.apache.directory.shared:shared-ldap-constants:0.9.7:jar::
org.apache.poi:poi:3.10-FINAL:jar::compile
org.apache.poi:poi-scratchpad:3.10-FINAL:jar::compile
org.apache.poi:poi-ooxml:3.10-FINAL:jar::compile
org.apache.poi:poi-ooxml-schemas:3.10-FINAL:jar::runtime
org.apache.xmlbeans:xmlbeans:2.3.0:jar::
org.apache.directory.shared:shared-ldap:0.9.7:jar::
org.apache.directory.server:apacheds-protocol-shared:1.5.1:jar::
org.apache.directory.server:apacheds-core:1.5.1:jar::
org.apache.directory.server:apacheds-core-shared:1.5.1:jar::
org.apache.directory.server:apacheds-bootstrap-partition:1.5.1:jar::
xerces:xercesImpl:2.9.1:jar::
jmimemagic:jmimemagic:0.1.2:jar::
org.jboss.aop:jboss-aop:2.2.0.Final:jar:client:
org.jboss.jbossas:jboss-as-aspects:5.1.0.GA:jar:jboss-aspect-jdk50-client:
org.jboss.ejb3:jboss-ejb3-common:1.0.3:jar:client:
org.jboss.ejb3:jboss-ejb3-core:1.6.0:jar:client:
org.jboss.ejb3:jboss-ejb3-proxy-impl:1.0.9:jar:client:
org.jboss.ejb3:jboss-ejb3-proxy:1.0.1:jar:client:
org.jboss.ejb3:jboss-ejb3-security:1.0.2:jar:client:
org.jboss.logging:jboss-logging-log4j:2.1.0.GA:jar::
org.jboss.deployers:jboss-deployers-vfs-spi:2.0.7.GA:jar::
org.jboss:jboss-vfs:2.1.2.GA:jar::
org.jboss.javaee:jboss-ejb-api:3.0.0.GA:jar::
org.jboss.microcontainer:jboss-dependency:2.0.6.GA:jar::
org.jboss.deployers:jboss-deployers-spi:2.0.7.GA:jar::
org.jboss.deployers:jboss-deployers-structure-spi:2.0.7.GA:jar::
org.jboss.deployers:jboss-deployers-vfs:2.0.7.GA:jar::
org.jboss.microcontainer:jboss-kernel:2.0.6.GA:jar::
org.jboss.deployers:jboss-deployers-core-spi:2.0.7.GA:jar::
org.jboss.jbossas:jboss-as-j2se:5.1.0.GA:jar::
org.jboss.jbossas:jboss-as-system-jmx:5.1.0.GA:jar::
org.jboss.jbossas:jboss-as-server:5.1.0.GA:jar:sources:
org.jboss.jbossas:jboss-as-ejb3:5.1.0.GA:jar::
org.jbpm.jbpm3:jbpm-jpdl:3.3.0.GA:jar::
cglib:cglib:2.2:jar::
org.jboss.remoting:jboss-remoting:2.5.1:jar::
javassist:javassist:3.9.0.GA:jar::
org.jboss.seam:jboss-seam:2.1.0.SP1-NX2:jar::
org.jboss.seam:jboss-seam-remoting:2.1.0.SP1:jar::
org.jboss.seam:jboss-seam-ui:2.1.0.SP1:jar::
org.jboss.seam:jboss-seam-mail:2.1.0.SP1:jar::
org.jboss.seam:jboss-seam-pdf:2.1.0.SP1:jar::
org.jboss.seam:jboss-seam-rss:2.1.0.SP1:jar::
net.sourceforge.yarfraw:yarfraw:0.92:jar::
org.jboss.seam:jboss-seam-excel:2.1.0.SP1:jar::
net.sourceforge.jexcelapi:jxl:2.6.12:jar::
org.jboss.seam:jboss-seam-debug:2.1.0.SP1:jar::
org.jboss.el:jboss-el:1.0_02.CR2:jar::
jboss:jboss-serialization:1.0.3.GA:jar::
org.jboss.jbossas:jboss-as-system:5.1.0.GA:jar::
org.jboss.security:jbosssx:2.0.3.SP1:jar::
org.jboss.jbossas:jboss-as-server:5.1.0.GA:jar::
org.jboss.naming:jnp-client:5.0.3.GA:jar::
org.jboss.logging:jboss-logging-spi:2.1.0.GA:jar::
org.jboss:jboss-common-core:2.2.14.GA:jar::
org.jboss:jboss-as:5.1.0.GA:zip:light:
org.jboss.jbossas:jboss-as-varia:5.1.0.GA:jar:logging-monitor:
org.jboss.jbossas:jboss-as-client:5.1.0.GA:pom::
org.jboss.jbossas:jboss-as-connector:5.1.0.GA:jar::
org.mortbay.jetty:jetty:6.1.26:jar::
org.mortbay.jetty:jetty-plus:6.1.26:jar::
org.mortbay.jetty:jetty-naming:6.1.26:jar::
org.mortbay.jetty:jetty-annotations:6.1.26:jar::
org.mortbay.jetty:jetty-util:6.1.26:jar::
org.mortbay.jetty:jsp-api-2.1:6.1.6:jar::
org.mortbay.jetty:jsp-2.1:6.1.6:jar::
org.hibernate:hibernate-core:3.3.2.GA:jar::
org.hibernate:hibernate-annotations:3.4.0.GA:jar::
org.hibernate:hibernate-entitymanager:3.4.0.GA:jar::
org.hibernate:hibernate-commons-annotations:3.1.0.GA:jar::
org.hibernate:hibernate-validator:3.1.0.GA:jar::
org.richfaces.framework:richfaces-api:3.3.1.GA:jar::
org.richfaces.framework:richfaces-impl:3.3.1.GA-NX9.04:jar::
org.richfaces.ui:richfaces-ui:3.3.1.GA-NX9.04:jar::
org.apache.myfaces.tomahawk:tomahawk:1.1.5-NXP-2749:jar::
org.apache.myfaces.tomahawk:tomahawk-sandbox:1.1.5-NXP-10534:jar::
org.openoffice:juh:3.1.0:jar::
org.openoffice:jurt:3.1.0:jar::
org.openoffice:ridl:3.1.0:jar::
org.openoffice:unoil:3.1.0:jar::
org.artofsolving.jodconverter:jodconverter-core:3.0-NX10:jar::
net.sf.jodreports:jodreports:2.4.0:jar::
net.sf.jxls:jxls-core:1.0:jar::
net.sf.jxls:jxls-reader:1.0:jar::
fr.opensagres.xdocreport:fr.opensagres.xdocreport.converter:1.0.0:jar::
fr.opensagres.xdocreport:fr.opensagres.xdocreport.core:1.0.0:jar::
fr.opensagres.xdocreport:fr.opensagres.xdocreport.document:1.0.0:jar::
fr.opensagres.xdocreport:fr.opensagres.xdocreport.document.odt:1.0.0:jar::
fr.opensagres.xdocreport:fr.opensagres.xdocreport.document.ods:1.0.0:jar::
fr.opensagres.xdocreport:fr.opensagres.xdocreport.document.docx:1.0.0:jar::
fr.opensagres.xdocreport:fr.opensagres.xdocreport.template:1.0.0:jar::
fr.opensagres.xdocreport:fr.opensagres.xdocreport.template.freemarker:1.0.0:jar::
fr.opensagres.xdocreport:fr.opensagres.xdocreport.remoting.resources:1.0.0:jar::
com.h2database:h2:1.1.114-nx:jar::provided
com.phloc:phloc-css:3.3.1:jar::
com.sun.facelets:jsf-facelets:1.1.15.B1:jar::
com.sun.xsom:xsom:20081112:jar::
com.sun.xml:relaxngDatatype:1.0:jar::
javax.xml.ws:jaxws-api:2.2.5:jar::
com.lowagie:itext:2.1.7:jar::
com.lowagie:itext-rtf:2.1.7:jar::
org.freemarker:freemarker:2.3.11:jar::
concurrent:concurrent:1.3.4:jar::
backport-util-concurrent:backport-util-concurrent:3.1:jar::
hsqldb:hsqldb:1.8.0.1:jar::
junit:junit:4.8.1:jar::provided
org.hamcrest:hamcrest-all:1.1:jar::test
org.quartz-scheduler:quartz:1.8.6:jar::
org.quartz-scheduler:quartz-oracle:1.8.6:jar::
org.slf4j:slf4j-jdk14:1.7.5:jar::
org.slf4j:jcl-over-slf4j:1.7.5:jar::
org.slf4j:slf4j-log4j12:1.7.5:jar::
net.sf.ehcache:ehcache-core:2.5.2:jar::
net.sf.json-lib:json-lib:2.4:jar:jdk15:
org.codehaus.jackson:jackson-core-asl:1.8.1:jar::
org.codehaus.jackson:jackson-mapper-asl:1.8.1:jar::
com.fasterxml.jackson.core:jackson-annotations:2.2.2:jar::
com.fasterxml.jackson.core:jackson-core:2.2.2:jar::
com.fasterxml.jackson.core:jackson-databind:2.2.2:jar::
net.sf.ezmorph:ezmorph:1.0.4:jar::
net.sf.opencsv:opencsv:2.1:jar::
org.codehaus.plexus:plexus-utils:1.5.6:jar::
org.osgi:org.osgi.core:4.2.0:jar::
org.osgi:org.osgi.compendium:4.2.0:jar::
oro:oro:2.0.8:jar::
dom4j:dom4j:1.6.1:jar::
org.yaml:snakeyaml:1.13:jar::
bsh:bsh:2.0b1:jar::
taglibs:standard:1.1.2:jar::
antlr:antlr:2.7.7:jar::
postgresql:postgresql:9.2-1002.jdbc4:jar::
mysql:mysql-connector-java:5.1.18:jar::
net.sourceforge.jtds:jtds:1.3.0:jar::
org.jmock:jmock-junit4:2.5.1:jar::
org.apache.pdfbox:pdfbox:1.8.5:jar::
org.apache.pdfbox:fontbox:1.8.5:jar::
org.apache.pdfbox:jempbox:1.8.5:jar::
org.bouncycastle:bcmail-jdk15:1.45:jar::
org.bouncycastle:bcprov-jdk15:1.45:jar::
com.thoughtworks.xstream:xstream:1.4.6:jar::
xpp3:xpp3:1.1.4c:jar:clean:
cglib:cglib-nodep:2.1_3:jar::
commons-jexl:commons-jexl:1.1:jar::
org.codehaus.groovy:groovy-all:1.5.7:jar::
org.mvel:mvel2:2.1.9.NX1:jar::
javax.script:groovy-engine:1.0:jar::
javax.script:jexl-engine:1.0:jar::
javax.script:js-engine:1.0:jar::
com.sun.script.jruby:jruby-engine:1.1.7:jar::
org.jruby:jruby:1.6.8:jar::
javax.script:jython-engine:1.0:jar::
org.python:jython:2.2.1:jar::
javax.script:bsh-engine:1.0:jar::
javax.resource:connector-api:1.5:jar::
javax.activation:activation:1.1:jar::
imagej:imagej:1.4.1.e:jar::
net.java.dev.mistral:EditableImage:0.9.5:jar::
net.java.dev.mistral:JAI-Adapter:0.9.5:jar::
net.java.dev.mistral:Operations:0.9.5:jar::
net.java.dev.mistral:metadata-extractor:2.3.1:jar::
javax.media:jai_core:1.1.2_01:jar::
com.sun.media:jai_codec:1.1.2_01:jar::
com.sun.media:mlib_jai:1.1.2_01:jar::
org.jboss.resteasy:resteasy-jaxrs:1.0.2.GA-nx:jar::
com.sun.jersey:jersey-core:1.17.1:jar:minimal:
com.sun.jersey:jersey-client:1.17.1:jar::
com.sun.jersey:jersey-server:1.17.1:jar::
com.sun.jersey:jersey-servlet:1.17.1:jar::
com.sun.jersey.contribs:jersey-apache-client4:1.17.1:jar::
com.sun.jersey.contribs:jersey-multipart:1.17.1:jar::
javax.ws.rs:jsr311-api:1.1.1:jar::
org.codehaus.woodstox:wstx-asl:3.2.9:jar::
org.jboss.ws:jbossws-spi:1.1.2.GA:jar::
org.apache.geronimo.components:geronimo-connector:2.2.1-NX1:jar::
org.apache.geronimo.components:geronimo-transaction:2.2.1:jar::
org.apache.geronimo.specs:geronimo-jta_1.1_spec:1.1.1:jar::
org.apache.geronimo.specs:geronimo-j2ee-connector_1.5_spec:2.0.0:jar::
com.google.gwt:gwt-user:2.5.1:jar::provided
com.google.gwt:gwt-dev:2.5.1:jar::provided
com.google.gwt:gwt-servlet:2.5.1:jar::runtime
com.google.code.gson:gson:2.2.2:jar::
org.restlet:org.restlet.gwt:1.1.10:jar::
com.google.gwt.google-apis:gwt-gadgets:1.0.3:jar::compile
com.google.guava:guava:13.0.1:jar::
com.allen-sauer.gwt.log:gwt-log:3.1.6:jar::provided
net.customware.gwt.presenter:gwt-presenter:1.0.0:jar::provided
net.customware.gwt.dispatch:gwt-dispatch:1.0.0:jar::compile
com.allen-sauer.gwt.dnd:gwt-dnd:3.1.2:jar::provided
com.google.gwt.inject:gin:1.5.0:jar::
com.google.inject.extensions:guice-servlet:3.0:jar::
com.google.inject.extensions:guice-assistedinject:3.0:jar::compile
gwt.habyt:gwt-habyt-upload:0.1:jar::compile
commons-httpclient:commons-httpclient:3.1:jar::
org.apache.httpcomponents:httpclient:4.2.4:jar::
org.apache.httpcomponents:httpclient-cache:4.2.4:jar::
org.apache.httpcomponents:fluent-hc:4.2.4:jar::
org.apache.httpcomponents:httpcore:4.2.4:jar::
org.apache.httpcomponents:httpmime:4.2.4:jar::
net.jcip:jcip-annotations:1.0:jar::
jline:jline:0.9.94:jar::
org.wikimodel:wem:2.0.2:jar::
org.nuxeo.build:nuxeo-apt-extensions:1.0:jar::compile
org.nuxeo.build:nuxeo-webengine-apt:1.2:jar::compile
cup:java-cup:0.11a:jar::
joda-time:joda-time:1.6:jar::
joda-time:joda-time:1.6.0:jar:osgi:
com.hp.hpl.jena:jena:2.6.4-NX:jar::
com.hp.hpl.jena:arq:2.8.8:jar::
com.hp.hpl.jena:iri:0.8:jar::
com.ibm.icu:icu4j:51.1:jar::
rome:rome:1.0:jar::
jdom:jdom:1.0:jar::
org.restlet:org.restlet:1.0.7:jar::
org.restlet:org.restlet.ext.fileupload:1.0.7:jar::
com.noelios.restlet:com.noelios.restlet:1.0.7:jar::
com.noelios.restlet:com.noelios.restlet.ext.servlet:1.0.7:jar::
com.noelios.restlet:com.noelios.restlet.ext.httpclient:1.0.7:jar::
jotm:jotm:2.0.10:jar::
org.apache.ant:ant:1.7.0:jar::
org.eclipse.jdt:core:3.1.1-NXP-4284:jar::
rhino:js:1.7R1:jar::
commons-cli:commons-cli:1.2:jar::
net.sourceforge.nekohtml:nekohtml:1.9.12:jar::
net.sourceforge.htmlunit:htmlunit:2.8:jar::
org.jsecurity:jsecurity:0.9.0:jar::
org.apache.shindig:shindig-gadgets:1.1-BETA5-incubating-nx1:jar::
com.google.code.guice:guice-internal:2.0:jar::runtime
org.apache.shindig:shindig-common:1.1-BETA5-incubating-nx1:jar::
org.apache.shindig:shindig-social-api:1.1-BETA5-incubating-nx1:jar::
org.apache.shindig:shindig-features:1.1-BETA5-incubating-nx1:jar::
commons-betwixt:commons-betwixt:0.8:jar::
com.google.inject:guice:3.0:jar::
com.google.inject.extensions:guice-jmx:3.0:jar::
caja:caja:r3889:jar::
com.googlecode.json-simple:json-simple:1.1:jar::
org.json:json:20070829:jar::
de.odysseus.juel:juel-impl:2.1.2-NX1:jar::
aopalliance:aopalliance:1.0:jar::
org.apache.sanselan:sanselan:0.97-incubator:jar::
com.gwtext:gwtext:2.0.5:jar::
org.seleniumhq.selenium:selenium-api:2.39.0:jar::
org.seleniumhq.selenium:selenium-support:2.39.0:jar::
org.seleniumhq.selenium:selenium-firefox-driver:2.39.0:jar::
org.seleniumhq.selenium:selenium-ie-driver:2.39.0:jar::
org.seleniumhq.selenium:selenium-chrome-driver:2.39.0:jar::
org.seleniumhq.selenium:selenium-htmlunit-driver:2.39.0:jar::
org.seleniumhq.selenium:selenium-server-standalone:2.39.0:jar::
biz.neustar:browsermob-proxy:2.0-beta-6:jar::
net.oauth.core:oauth:20090531:jar::
xmlunit:xmlunit:1.3:jar::
com.google.http-client:google-http-client:1.12.0-beta:jar::
com.google.http-client:google-http-client-jackson:1.12.0-beta:jar::
com.google.oauth-client:google-oauth-client:1.12.0-beta:jar::
com.google.api-client:google-api-client:1.12.0-beta:jar::
org.dts:jmyspell-core:1.0.0-beta-2:jar::
org.apache.tomcat:tomcat-catalina:7.0.42:jar::
org.apache.tomcat:tomcat-dbcp:7.0.42:jar::
org.apache.tomcat.embed:tomcat-embed-core:7.0.42:jar::
org.apache.tomcat:tomcat-juli:7.0.42:jar::
org.apache.tomcat.extras:tomcat-extras-juli-adapters:7.0.42:jar::
org.apache.tomcat.extras:tomcat-extras-juli:7.0.42:jar::
org.apache.tomcat:tomcat-jdbc:7.0.42:jar::
org.apache.tomcat:tomcat-el-api:7.0.42:jar::provided
org.easymock:easymockclassextension:2.2.2:jar::test
org.mockito:mockito-all:1.9.5:jar::test
com.sun.grizzly:grizzly-servlet-webserver:1.9.18-f:jar::test
org.apache.jackrabbit:jackrabbit-webdav:2.1.1:jar::test
org.concordion:concordion:1.3.0:jar::
org.antlr:antlr-runtime:3.1.3:jar::
org.objectweb.howl:howl:1.0.1-1:jar::
org.apache.ws.commons.axiom:axiom-api:1.2.5:jar::
org.apache.ws.commons.axiom:axiom-impl:1.2.5:jar::
jaxen:jaxen:1.1.1:jar::
xalan:xalan:2.7.1:jar::
org.owasp.antisamy:antisamy:1.4.4:jar::
org.apache.xmlgraphics:batik-css:1.7:jar::
org.apache.xmlgraphics:batik-ext:1.7:jar::
org.apache.xmlgraphics:batik-gui-util:1.7:jar::
org.apache.xmlgraphics:batik-util:1.7:jar::
org.w3c.css:sac:1.3:jar::
net.sf.jtidy:jtidy:r938:jar::
net.oauth.core:oauth-consumer:20090531:jar::
net.oauth.core:oauth-httpclient3:20090531:jar::
net.oauth.core:oauth-provider:20090531:jar::
org.javasimon:javasimon-core:2.5.0:jar::
org.javasimon:javasimon-jmx:2.5.0:jar::
org.javasimon:javasimon-jdbc3:2.5.0:jar::
com.codahale.metrics:metrics-core:3.0.0:jar::
com.codahale.metrics:metrics-graphite:3.0.0:jar::
com.codahale.metrics:metrics-log4j:3.0.0:jar::
com.codahale.metrics:metrics-jvm:3.0.0:jar::
asm:asm:3.0:jar::
com.smartgwt:smartgwt:1.0-20081121:jar::
com.ericdaugherty.mail:jes:1.6.1:jar::
dnsjava:dnsjava:2.0.6:jar::
org.glassfish.embedded:glassfish-embedded-all:3.0-b38-nxp-web-210:jar::
firebug:firebug:1.6.2-fx:xpi::
org.apache.chemistry.opencmis:chemistry-opencmis-commons-api:0.11.0:jar::
org.apache.chemistry.opencmis:chemistry-opencmis-commons-impl:0.11.0:jar::
org.apache.chemistry.opencmis:chemistry-opencmis-server-support:0.11.0:jar::
org.apache.chemistry.opencmis:chemistry-opencmis-client-api:0.11.0:jar::
org.apache.chemistry.opencmis:chemistry-opencmis-client-impl:0.11.0:jar::
org.apache.chemistry.opencmis:chemistry-opencmis-server-bindings:0.11.0:jar::
org.apache.chemistry.opencmis:chemistry-opencmis-client-bindings:0.11.0:jar::
org.samba.jcifs:jcifs:1.2.19:jar::
net.java.dev.webdav:webdav-jaxrs:1.1.1:jar::
net.htmlparser.jericho:jericho-html:3.2:jar::
com.cforcoding.jmd:jmd:0.8.1-tomasol-3e60e36137:jar::
org.knallgrau.utils:textcat:1.0.1:jar::
de.schlichtherle.io:truezip:6.6:jar::
org.apache.xbean:xbean-naming:3.9:jar::
org.outerj.daisy:daisydiff:1.2-NX2:jar:shaded:
com.amazonaws:aws-java-sdk:1.6.4:jar::
org.jclouds:jclouds-allblobstore:1.5.3:jar::
org.apache.commons:commons-vfs2:2.0:jar::
dumbster:dumbster:1.6:jar::
org.eclipse.birt.runtime:org.eclipse.birt.runtime:4.2.2:jar::
org.apache.httpcomponents:httpclient-osgi:4.2.4:jar::
org.apache.httpcomponents:httpcore-osgi:4.2.4:jar::
org.ops4j.pax.exam:pax-exam-junit4:3.0.0:jar::test
org.ops4j.pax.exam:pax-exam-link-mvn:3.0.0:jar::test
org.ops4j.pax.exam:pax-exam-container-native:3.0.0:jar::test
org.ops4j.pax.url:pax-url-aether:1.5.2:jar::test
org.apache.felix:org.apache.felix.framework:3.2.2:jar::test
javax.inject:javax.inject:1:jar::
com.thetransactioncompany:cors-filter:1.7.1:jar::
com.sun.jdmk:core:1.0-b02:jar::
redis.clients:jedis:2.1.0-20130502:jar::
org.apache.cxf:cxf-rt-frontend-jaxws:2.6.8:jar::
org.apache.cxf:cxf-rt-transports-http:2.6.8:jar::
com.sun.xml.ws:jaxws-rt:2.2.5:jar::
org.slf4j:slf4j-api:1.7.5:jar::
log4j:log4j:1.2.17:jar::
ch.qos.cal10n:cal10n-api:0.7.4:jar::
ch.qos.logback:logback-core:1.0.11:jar::
ch.qos.logback:logback-core:1.0.11:jar:tests:
ch.qos.logback:logback-classic:1.0.11:jar::
ch.qos.logback:logback-access:1.0.11:jar::
org.codehaus.janino:janino:2.6.1:jar::
org.fusesource.jansi:jansi:1.8:jar::
org.eclipse.jetty:jetty-server:7.5.1.v20110908:jar::
org.apache.geronimo.specs:geronimo-jms_1.1_spec:1.0:jar::
