org.nuxeo.build:test-expand:2.0-SNAPSHOT:pom::compile
 |-- org.nuxeo.build:ant-assembly-maven-plugin:2.0-SNAPSHOT:jar::compile
 |--  |-- org.apache.ant:ant:1.9.3:jar::compile
 |--  |--  |-- org.apache.ant:ant-launcher:1.9.3:jar::compile
 |--  |-- ant-contrib:ant-contrib:1.0b3:jar::compile
 |--  |-- org.apache.maven:maven-plugin-api:3.1.1:jar::compile
 |--  |--  |-- org.eclipse.sisu:org.eclipse.sisu.plexus:0.0.0.M5:jar::compile
 |--  |--  |--  |-- javax.enterprise:cdi-api:1.0:jar::compile
 |--  |--  |--  |--  |-- javax.annotation:jsr250-api:1.0:jar::compile
 |--  |--  |--  |--  |-- javax.inject:javax.inject:1:jar::compile
 |--  |--  |--  |-- com.google.guava:guava:10.0.1:jar::compile
 |--  |--  |--  |--  |-- com.google.code.findbugs:jsr305:1.3.9:jar::compile
 |--  |--  |--  |-- org.sonatype.sisu:sisu-guice:3.1.0:jar:no_aop:compile
 |--  |--  |--  |--  |-- aopalliance:aopalliance:1.0:jar::compile
 |--  |--  |--  |-- org.eclipse.sisu:org.eclipse.sisu.inject:0.0.0.M5:jar::compile
 |--  |-- org.apache.maven:maven-compat:3.1.1:jar::compile
 |--  |--  |-- org.apache.maven:maven-model-builder:3.1.1:jar::compile
 |--  |--  |-- org.codehaus.plexus:plexus-component-annotations:1.5.5:jar::compile
 |--  |--  |-- org.apache.maven.wagon:wagon-provider-api:2.4:jar::compile
 |--  |-- org.sonatype.aether:aether-api:1.13.1:jar::compile
 |--  |-- org.sonatype.aether:aether-util:1.13.1:jar::compile
 |--  |-- org.apache.httpcomponents:httpclient:4.3.1:jar::compile
 |--  |--  |-- org.apache.httpcomponents:httpcore:4.3:jar::compile
 |--  |--  |-- commons-logging:commons-logging:1.1.3:jar::compile
 |--  |--  |-- commons-codec:commons-codec:1.6:jar::compile
 |--  |-- org.apache.httpcomponents:httpmime:4.3.1:jar::compile
 |--  |-- org.codehaus.plexus:plexus-utils:3.0.16:jar::compile
 |--  |-- commons-io:commons-io:2.4:jar::compile
 |--  |-- org.apache.maven:maven-artifact:3.1.1:jar::compile
 |--  |-- org.apache.maven:maven-artifact-manager:2.2.1:jar::compile
 |--  |--  |-- org.apache.maven:maven-repository-metadata:2.2.1:jar::compile
 |--  |--  |-- backport-util-concurrent:backport-util-concurrent:3.1:jar::compile
 |--  |-- org.apache.maven:maven-core:3.1.1:jar::compile
 |--  |--  |-- org.apache.maven:maven-settings-builder:3.1.1:jar::compile
 |--  |--  |-- org.apache.maven:maven-aether-provider:3.1.1:jar::compile
 |--  |--  |--  |-- org.eclipse.aether:aether-spi:0.9.0.M2:jar::compile
 |--  |--  |-- org.eclipse.aether:aether-impl:0.9.0.M2:jar::compile
 |--  |--  |-- org.eclipse.aether:aether-api:0.9.0.M2:jar::compile
 |--  |--  |-- org.eclipse.aether:aether-util:0.9.0.M2:jar::compile
 |--  |--  |-- org.codehaus.plexus:plexus-classworlds:2.5.1:jar::compile
 |--  |--  |-- org.sonatype.plexus:plexus-sec-dispatcher:1.3:jar::compile
 |--  |--  |--  |-- org.sonatype.plexus:plexus-cipher:1.4:jar::compile
 |--  |-- org.apache.maven:maven-model:3.1.1:jar::compile
 |--  |-- org.apache.maven.plugins:maven-failsafe-plugin:2.16:jar::compile
 |--  |--  |-- org.apache.maven.surefire:maven-surefire-common:2.16:jar::compile
 |--  |--  |--  |-- org.apache.maven.surefire:surefire-booter:2.16:jar::compile
 |--  |--  |--  |-- org.apache.maven:maven-plugin-descriptor:2.0.9:jar::compile
 |--  |--  |--  |-- org.apache.maven:maven-toolchain:2.0.9:jar::compile
 |--  |--  |--  |-- org.apache.commons:commons-lang3:3.1:jar::compile
 |--  |--  |-- org.apache.maven.surefire:surefire-api:2.16:jar::compile
 |--  |--  |-- org.apache.maven.plugin-tools:maven-plugin-annotations:3.2:jar::compile
 |-- org.apache.maven:maven-project:2.2.1:jar::compile
 |--  |-- org.apache.maven:maven-settings:2.2.1:jar::compile
 |--  |-- org.apache.maven:maven-profile:2.2.1:jar::compile
 |--  |-- org.apache.maven:maven-plugin-registry:2.2.1:jar::compile
 |--  |-- org.codehaus.plexus:plexus-interpolation:1.11:jar::compile
 |--  |-- org.codehaus.plexus:plexus-container-default:1.0-alpha-9-stable-1:jar::compile
 |--  |--  |-- junit:junit:3.8.1:jar::compile
 |--  |--  |-- classworlds:classworlds:1.1-alpha-2:jar::compile
