avalon-framework-4.1.3.jar=avalon-framework:avalon-framework:4.1.3:jar::compile
commons-codec-1.2.jar=commons-codec:commons-codec:1.2:jar::compile
commons-collections-3.2.jar=commons-collections:commons-collections:3.2:jar::compile
commons-httpclient-3.1.jar=commons-httpclient:commons-httpclient:3.1:jar::compile
commons-io-1.4.jar=commons-io:commons-io:1.4:jar::compile
commons-logging-1.1.jar=commons-logging:commons-logging:1.1:jar::compile
json-20070829.jar=org.json:json:20070829:jar::compile
log4j-1.2.16.jar=log4j:log4j:1.2.16:jar::compile
logkit-1.0.1.jar=logkit:logkit:1.0.1:jar::compile
nuxeo-connect-client-1.4.13.jar=org.nuxeo.connect:nuxeo-connect-client:1.4.13:jar::compile
org.eclipse.core.jobs-3.5.0.v20100515.jar=org.eclipse.core:org.eclipse.core.jobs:3.5.0.v20100515:jar::compile
org.eclipse.equinox.common-3.6.0.v20100503.jar=org.eclipse.equinox:org.eclipse.equinox.common:3.6.0.v20100503:jar::compile
org.eclipse.equinox.p2.cudf-1.17-NX.jar=org.eclipse.equinox:org.eclipse.equinox.p2.cudf:1.17-NX:jar::compile
org.osgi.core-4.2.0.jar=org.osgi:org.osgi.core:4.2.0:jar::compile
org.sat4j.core-2.3.1.jar=org.sat4j:org.sat4j.core:2.3.1:jar::compile
org.sat4j.pb-2.3.1.jar=org.sat4j:org.sat4j.pb:2.3.1:jar::compile
